[demo.w3layouts.com/demos_new/template_demo/07-12-2021/shoppykart-liberty-demo_Free/1589417704/web/index.html]
[backblue.gif]
[fade.gif]
[index.html]
[demo.w3layouts.com/demos_new/template_demo/07-12-2021/shoppykart-liberty-demo_Free/1589417704/web/assets/css/style-liberty.css]
[m.servedby-buysellads.com/monetization.js]
[demo.w3layouts.com/js/autotrack.js]
[demo.w3layouts.com/assests/css/font-awesome.min.css]
[demo.w3layouts.com/demos_new/template_demo/07-12-2021/shoppykart-liberty-demo_Free/1589417704/web/about.html]
[demo.w3layouts.com/demos_new/template_demo/07-12-2021/shoppykart-liberty-demo_Free/1589417704/web/products.html]
[demo.w3layouts.com/demos_new/template_demo/07-12-2021/shoppykart-liberty-demo_Free/1589417704/web/product-single.html]
[demo.w3layouts.com/demos_new/template_demo/07-12-2021/shoppykart-liberty-demo_Free/1589417704/web/checkout.html]
[demo.w3layouts.com/demos_new/template_demo/07-12-2021/shoppykart-liberty-demo_Free/1589417704/web/blog.html]
[demo.w3layouts.com/demos_new/template_demo/07-12-2021/shoppykart-liberty-demo_Free/1589417704/web/blog-single.html]
[demo.w3layouts.com/demos_new/template_demo/07-12-2021/shoppykart-liberty-demo_Free/1589417704/web/elements.html]
[demo.w3layouts.com/demos_new/template_demo/07-12-2021/shoppykart-liberty-demo_Free/1589417704/web/error.html]
[demo.w3layouts.com/demos_new/template_demo/07-12-2021/shoppykart-liberty-demo_Free/1589417704/web/faq.html]
[demo.w3layouts.com/demos_new/template_demo/07-12-2021/shoppykart-liberty-demo_Free/1589417704/web/contact.html]
[demo.w3layouts.com/demos_new/template_demo/07-12-2021/shoppykart-liberty-demo_Free/1589417704/web/login.html]
[demo.w3layouts.com/demos_new/template_demo/07-12-2021/shoppykart-liberty-demo_Free/1589417704/web/products-1.html]
[demo.w3layouts.com/demos_new/template_demo/07-12-2021/shoppykart-liberty-demo_Free/1589417704/web/assets/images/banner5.jpg]
[demo.w3layouts.com/demos_new/template_demo/07-12-2021/shoppykart-liberty-demo_Free/1589417704/web/assets/images/banner4.jpg]
[demo.w3layouts.com/demos_new/template_demo/07-12-2021/shoppykart-liberty-demo_Free/1589417704/web/assets/images/d1.jpg]
[demo.w3layouts.com/demos_new/template_demo/07-12-2021/shoppykart-liberty-demo_Free/1589417704/web/assets/images/d2.jpg]
[demo.w3layouts.com/demos_new/template_demo/07-12-2021/shoppykart-liberty-demo_Free/1589417704/web/assets/images/d3.jpg]
[demo.w3layouts.com/demos_new/template_demo/07-12-2021/shoppykart-liberty-demo_Free/1589417704/web/assets/images/d4.jpg]
[demo.w3layouts.com/demos_new/template_demo/07-12-2021/shoppykart-liberty-demo_Free/1589417704/web/assets/images/d5.jpg]
[demo.w3layouts.com/demos_new/template_demo/07-12-2021/shoppykart-liberty-demo_Free/1589417704/web/assets/images/d6.jpg]
[demo.w3layouts.com/demos_new/template_demo/07-12-2021/shoppykart-liberty-demo_Free/1589417704/web/assets/images/d7.jpg]
[demo.w3layouts.com/demos_new/template_demo/07-12-2021/shoppykart-liberty-demo_Free/1589417704/web/assets/images/d8.jpg]
[demo.w3layouts.com/demos_new/template_demo/07-12-2021/shoppykart-liberty-demo_Free/1589417704/web/assets/images/d9.jpg]
[demo.w3layouts.com/demos_new/template_demo/07-12-2021/shoppykart-liberty-demo_Free/1589417704/web/assets/images/d10.jpg]
[demo.w3layouts.com/demos_new/template_demo/07-12-2021/shoppykart-liberty-demo_Free/1589417704/web/assets/images/d11.jpg]
[demo.w3layouts.com/demos_new/template_demo/07-12-2021/shoppykart-liberty-demo_Free/1589417704/web/assets/images/d12.jpg]
[demo.w3layouts.com/demos_new/template_demo/07-12-2021/shoppykart-liberty-demo_Free/1589417704/web/assets/images/d13.jpg]
[demo.w3layouts.com/demos_new/template_demo/07-12-2021/shoppykart-liberty-demo_Free/1589417704/web/assets/images/d14.jpg]
[demo.w3layouts.com/demos_new/template_demo/07-12-2021/shoppykart-liberty-demo_Free/1589417704/web/assets/images/d15.jpg]
[demo.w3layouts.com/demos_new/template_demo/07-12-2021/shoppykart-liberty-demo_Free/1589417704/web/assets/images/d16.jpg]
[demo.w3layouts.com/demos_new/template_demo/07-12-2021/shoppykart-liberty-demo_Free/1589417704/web/assets/images/d17.jpg]
[demo.w3layouts.com/demos_new/template_demo/07-12-2021/shoppykart-liberty-demo_Free/1589417704/web/assets/images/shop-1.jpg]
[demo.w3layouts.com/demos_new/template_demo/07-12-2021/shoppykart-liberty-demo_Free/1589417704/web/ecommerce.html]
[demo.w3layouts.com/demos_new/template_demo/07-12-2021/shoppykart-liberty-demo_Free/1589417704/web/assets/images/shop-2.jpg]
[demo.w3layouts.com/demos_new/template_demo/07-12-2021/shoppykart-liberty-demo_Free/1589417704/web/assets/images/shop-3.jpg]
[demo.w3layouts.com/demos_new/template_demo/07-12-2021/shoppykart-liberty-demo_Free/1589417704/web/assets/images/shop-4.jpg]
[demo.w3layouts.com/demos_new/template_demo/07-12-2021/shoppykart-liberty-demo_Free/1589417704/web/assets/images/team1.jpg]
[demo.w3layouts.com/demos_new/template_demo/07-12-2021/shoppykart-liberty-demo_Free/1589417704/web/assets/images/team2.jpg]
[demo.w3layouts.com/demos_new/template_demo/07-12-2021/shoppykart-liberty-demo_Free/1589417704/web/assets/images/team3.jpg]
[demo.w3layouts.com/demos_new/template_demo/07-12-2021/shoppykart-liberty-demo_Free/1589417704/web/assets/images/team4.jpg]
[demo.w3layouts.com/demos_new/template_demo/07-12-2021/shoppykart-liberty-demo_Free/1589417704/web/assets/js/jquery-3.3.1.min.js]
[demo.w3layouts.com/demos_new/template_demo/07-12-2021/shoppykart-liberty-demo_Free/1589417704/web/assets/js/theme-change.js]
[demo.w3layouts.com/demos_new/template_demo/07-12-2021/shoppykart-liberty-demo_Free/1589417704/web/assets/js/minicart.js]
[demo.w3layouts.com/demos_new/template_demo/07-12-2021/shoppykart-liberty-demo_Free/1589417704/web/assets/js/owl.carousel.js]
[demo.w3layouts.com/demos_new/template_demo/07-12-2021/shoppykart-liberty-demo_Free/1589417704/web/assets/js/jquery.magnific-popup.min.js]
[demo.w3layouts.com/demos_new/template_demo/07-12-2021/shoppykart-liberty-demo_Free/1589417704/web/assets/js/bootstrap.min.js]
[demo.w3layouts.com/demos_new/template_demo/07-12-2021/shoppykart-liberty-demo_Free/1589417704/web/index.html]
[a.vdo.ai/core/v-w3layouts/vdo.ai.js]
[demo.w3layouts.com/demos_new/template_demo/07-12-2021/shoppykart-liberty-demo_Free/1589417704/web/assets/webfonts/fa-brands-400.woff2]
[demo.w3layouts.com/demos_new/template_demo/07-12-2021/shoppykart-liberty-demo_Free/1589417704/web/assets/webfonts/fa-brands-400.eot]
[demo.w3layouts.com/demos_new/template_demo/07-12-2021/shoppykart-liberty-demo_Free/1589417704/web/assets/webfonts/fa-brands-400d41d.eot]
[demo.w3layouts.com/demos_new/template_demo/07-12-2021/shoppykart-liberty-demo_Free/1589417704/web/assets/webfonts/fa-brands-400.woff]
[demo.w3layouts.com/demos_new/template_demo/07-12-2021/shoppykart-liberty-demo_Free/1589417704/web/assets/webfonts/fa-brands-400.ttf]
[demo.w3layouts.com/demos_new/template_demo/07-12-2021/shoppykart-liberty-demo_Free/1589417704/web/assets/webfonts/fa-regular-400d41d.eot]
[demo.w3layouts.com/demos_new/template_demo/07-12-2021/shoppykart-liberty-demo_Free/1589417704/web/assets/webfonts/fa-brands-400.svg]
[demo.w3layouts.com/demos_new/template_demo/07-12-2021/shoppykart-liberty-demo_Free/1589417704/web/assets/webfonts/fa-regular-400.eot]
[demo.w3layouts.com/demos_new/template_demo/07-12-2021/shoppykart-liberty-demo_Free/1589417704/web/assets/webfonts/fa-regular-400.woff2]
[demo.w3layouts.com/demos_new/template_demo/07-12-2021/shoppykart-liberty-demo_Free/1589417704/web/assets/webfonts/fa-regular-400.woff]
[demo.w3layouts.com/demos_new/template_demo/07-12-2021/shoppykart-liberty-demo_Free/1589417704/web/assets/webfonts/fa-regular-400.ttf]
[demo.w3layouts.com/demos_new/template_demo/07-12-2021/shoppykart-liberty-demo_Free/1589417704/web/assets/webfonts/fa-regular-400.svg]
[demo.w3layouts.com/demos_new/template_demo/07-12-2021/shoppykart-liberty-demo_Free/1589417704/web/assets/webfonts/fa-solid-900.woff2]
[demo.w3layouts.com/demos_new/template_demo/07-12-2021/shoppykart-liberty-demo_Free/1589417704/web/assets/webfonts/fa-solid-900.eot]
[demo.w3layouts.com/demos_new/template_demo/07-12-2021/shoppykart-liberty-demo_Free/1589417704/web/assets/webfonts/fa-solid-900.woff]
[demo.w3layouts.com/demos_new/template_demo/07-12-2021/shoppykart-liberty-demo_Free/1589417704/web/assets/webfonts/fa-solid-900.ttf]
[demo.w3layouts.com/demos_new/template_demo/07-12-2021/shoppykart-liberty-demo_Free/1589417704/web/assets/webfonts/fa-solid-900d41d.eot]
[demo.w3layouts.com/demos_new/template_demo/07-12-2021/shoppykart-liberty-demo_Free/1589417704/web/assets/images/banner1.jpg]
[demo.w3layouts.com/demos_new/template_demo/07-12-2021/shoppykart-liberty-demo_Free/1589417704/web/assets/images/banner2.jpg]
[demo.w3layouts.com/demos_new/template_demo/07-12-2021/shoppykart-liberty-demo_Free/1589417704/web/assets/images/banner3.jpg]
[demo.w3layouts.com/demos_new/template_demo/07-12-2021/shoppykart-liberty-demo_Free/1589417704/web/assets/webfonts/fa-solid-900.svg]
[demo.w3layouts.com/demos_new/template_demo/07-12-2021/shoppykart-liberty-demo_Free/1589417704/web/assets/css/owl.video.play.png]
[demo.w3layouts.com/demos_new/template_demo/07-12-2021/shoppykart-liberty-demo_Free/1589417704/web/assets/fonts/webfont/flexslider-icon.eot]
[demo.w3layouts.com/demos_new/template_demo/07-12-2021/shoppykart-liberty-demo_Free/1589417704/web/assets/fonts/webfonts/flexslider-icond41d.eot]
[demo.w3layouts.com/demos_new/template_demo/07-12-2021/shoppykart-liberty-demo_Free/1589417704/web/assets/fonts/webfonts/flexslider-icon.woff]
[demo.w3layouts.com/demos_new/template_demo/07-12-2021/shoppykart-liberty-demo_Free/1589417704/web/assets/fonts/webfonts/flexslider-icon.ttf]
[demo.w3layouts.com/demos_new/template_demo/07-12-2021/shoppykart-liberty-demo_Free/1589417704/web/assets/fonts/webfonts/flexslider-icon.svg]
[demo.w3layouts.com/demos_new/template_demo/07-12-2021/shoppykart-liberty-demo_Free/1589417704/web/assets/css/style-liberty.css]
[demo.w3layouts.com/assests/css/font-awesome.min.css]
[demo.w3layouts.com/demos_new/template_demo/07-12-2021/shoppykart-liberty-demo_Free/1589417704/web/assets/js/jquery.waypoints.min.js]
[demo.w3layouts.com/demos_new/template_demo/07-12-2021/shoppykart-liberty-demo_Free/1589417704/web/assets/js/jquery.countup.js]
[demo.w3layouts.com/demos_new/template_demo/07-12-2021/shoppykart-liberty-demo_Free/1589417704/web/about.html]
[demo.w3layouts.com/demos_new/template_demo/07-12-2021/shoppykart-liberty-demo_Free/1589417704/web/assets/images/shop-8.jpg]
[demo.w3layouts.com/demos_new/template_demo/07-12-2021/shoppykart-liberty-demo_Free/1589417704/web/assets/images/shop-7.jpg]
[demo.w3layouts.com/demos_new/template_demo/07-12-2021/shoppykart-liberty-demo_Free/1589417704/web/assets/images/shop-5.jpg]
[demo.w3layouts.com/demos_new/template_demo/07-12-2021/shoppykart-liberty-demo_Free/1589417704/web/assets/images/shop-6.jpg]
[demo.w3layouts.com/demos_new/template_demo/07-12-2021/shoppykart-liberty-demo_Free/1589417704/web/assets/images/shop-9.jpg]
[demo.w3layouts.com/demos_new/template_demo/07-12-2021/shoppykart-liberty-demo_Free/1589417704/web/assets/js/jquery-1.11.1.min.js]
[demo.w3layouts.com/demos_new/template_demo/07-12-2021/shoppykart-liberty-demo_Free/1589417704/web/products.html]
[demo.w3layouts.com/demos_new/template_demo/07-12-2021/shoppykart-liberty-demo_Free/1589417704/web/assets/images/cart1.jpg]
[demo.w3layouts.com/demos_new/template_demo/07-12-2021/shoppykart-liberty-demo_Free/1589417704/web/assets/images/cart2.jpg]
[demo.w3layouts.com/demos_new/template_demo/07-12-2021/shoppykart-liberty-demo_Free/1589417704/web/assets/images/cart3.jpg]
[demo.w3layouts.com/demos_new/template_demo/07-12-2021/shoppykart-liberty-demo_Free/1589417704/web/assets/images/cart4.jpg]
[demo.w3layouts.com/demos_new/template_demo/07-12-2021/shoppykart-liberty-demo_Free/1589417704/web/assets/js/jquery-ui.js]
[demo.w3layouts.com/demos_new/template_demo/07-12-2021/shoppykart-liberty-demo_Free/1589417704/web/assets/js/jquery.flexslider.js]
[demo.w3layouts.com/demos_new/template_demo/07-12-2021/shoppykart-liberty-demo_Free/1589417704/web/assets/js/imagezoom.js]
[demo.w3layouts.com/demos_new/template_demo/07-12-2021/shoppykart-liberty-demo_Free/1589417704/web/product-single.html]
[demo.w3layouts.com/demos_new/template_demo/07-12-2021/shoppykart-liberty-demo_Free/1589417704/web/products-product-single.html]
[demo.w3layouts.com/demos_new/template_demo/07-12-2021/shoppykart-liberty-demo_Free/1589417704/web/products-cart.html]
[demo.w3layouts.com/demos_new/template_demo/07-12-2021/shoppykart-liberty-demo_Free/1589417704/web/blog-product-single.html]
[demo.w3layouts.com/demos_new/template_demo/07-12-2021/shoppykart-liberty-demo_Free/1589417704/web/checkout.html]
[demo.w3layouts.com/demos_new/template_demo/07-12-2021/shoppykart-liberty-demo_Free/1589417704/web/blog.html]
[demo.w3layouts.com/demos_new/template_demo/07-12-2021/shoppykart-liberty-demo_Free/1589417704/web/blog-single.html]
[demo.w3layouts.com/demos_new/template_demo/07-12-2021/shoppykart-liberty-demo_Free/1589417704/web/elements.html]
[demo.w3layouts.com/demos_new/template_demo/07-12-2021/shoppykart-liberty-demo_Free/1589417704/web/error.html]
[demo.w3layouts.com/demos_new/template_demo/07-12-2021/shoppykart-liberty-demo_Free/1589417704/web/faq.html]
[demo.w3layouts.com/demos_new/template_demo/07-12-2021/shoppykart-liberty-demo_Free/1589417704/web/contact.html]
[demo.w3layouts.com/demos_new/template_demo/07-12-2021/shoppykart-liberty-demo_Free/1589417704/web/login.html]
[demo.w3layouts.com/demos_new/template_demo/07-12-2021/shoppykart-liberty-demo_Free/1589417704/web/payment.html]
[www.google-analytics.com/analytics.js]
[www.carbonads.net/ac/fancybar.657292.delayed]
[demo.w3layouts.com/demos_new/template_demo/07-12-2021/shoppykart-liberty-demo_Free/1589417704/web/products-1.html]
[demo.w3layouts.com/demos_new/template_demo/07-12-2021/shoppykart-liberty-demo_Free/1589417704/web/ecommerce.html]
[demo.w3layouts.com/demos_new/template_demo/07-12-2021/shoppykart-liberty-demo_Free/1589417704/web/assets/webfonts/fa-brands-400.svg]
[demo.w3layouts.com/demos_new/template_demo/07-12-2021/shoppykart-liberty-demo_Free/1589417704/web/assets/webfonts/fa-regular-400.svg]
[demo.w3layouts.com/demos_new/template_demo/07-12-2021/shoppykart-liberty-demo_Free/1589417704/web/assets/webfonts/fa-solid-900.svg]
[demo.w3layouts.com/demos_new/template_demo/07-12-2021/shoppykart-liberty-demo_Free/1589417704/web/assets/css/owl.video.play.html]
[demo.w3layouts.com/demos_new/template_demo/07-12-2021/shoppykart-liberty-demo_Free/1589417704/web/assets/fonts/webfont/flexslider-icon.html]
[demo.w3layouts.com/demos_new/template_demo/07-12-2021/shoppykart-liberty-demo_Free/1589417704/web/assets/fonts/webfonts/flexslider-icond41d.html]
[demo.w3layouts.com/demos_new/template_demo/07-12-2021/shoppykart-liberty-demo_Free/1589417704/web/assets/fonts/webfonts/flexslider-icon.html]
[demo.w3layouts.com/demos_new/template_demo/07-12-2021/shoppykart-liberty-demo_Free/1589417704/web/assets/fonts/webfonts/flexslider-icon-2.html]
[demo.w3layouts.com/demos_new/template_demo/07-12-2021/shoppykart-liberty-demo_Free/1589417704/web/assets/fonts/webfonts/flexslider-icon-3.html]
[demo.w3layouts.com/demos_new/template_demo/07-12-2021/shoppykart-liberty-demo_Free/1589417704/web/products-product-single.html]
[demo.w3layouts.com/demos_new/template_demo/07-12-2021/shoppykart-liberty-demo_Free/1589417704/web/products-cart.html]
[demo.w3layouts.com/demos_new/template_demo/07-12-2021/shoppykart-liberty-demo_Free/1589417704/web/blog-product-single.html]
[demo.w3layouts.com/demos_new/template_demo/07-12-2021/shoppykart-liberty-demo_Free/1589417704/web/assets/images/paypal.png]
[demo.w3layouts.com/demos_new/template_demo/07-12-2021/shoppykart-liberty-demo_Free/1589417704/web/assets/js/easyResponsiveTabs.js]
[demo.w3layouts.com/demos_new/template_demo/07-12-2021/shoppykart-liberty-demo_Free/1589417704/web/payment.html]
[www.carbonads.net/ac/fancybar7292.html]
[demo.w3layouts.com/demos_new/template_demo/07-12-2021/shoppykart-liberty-demo_Free/1589417704/web/assets/js/creditly.js]
